((7421758173420210689_contig_igh+igl:0.01473,4212903797411661201-igh+1475962519024355608-igl:0.04344)0.753:0.00131,((5086672391185581025_contig_igh+igl:0.00055,8106283947587798521_contig_igh+igl:0.00144)1.000:0.01901,(0733962872011202790_contig_igh+igl:0.00874,(2837610149726138004_contig_igh+igl:0.00581,(6107403177916615458_contig_igh+igl:0.00290,3476949047420226245_contig_igh+igl:0.00144)0.969:0.00583)0.771:0.00140)0.991:0.01027)0.526:0.00055,(naive:0.00055,((2171328757384279529_contig_igh+igl:0.00871,((0109124625350740979_contig_igh+igl:0.00870,((6538089838591085935_contig_igh+igl:0.00143,2596242750321192233_contig_igh+igl:0.00145)0.892:0.00290,(4266026466131311583_contig_igh+igl:0.00144,2282592859345613663_contig_igh+igl:0.00289)0.934:0.00434)0.021:0.00055)0.981:0.00726,(8180590271140879452_contig_igh+igl:0.00735,6268512401205569735_contig_igh+igl:0.02515)0.855:0.00280)0.888:0.00291)0.790:0.00143,((4300248275102195277_contig_igh+igl:0.00589,6302753673530959145_contig_igh+igl:0.01309)1.000:0.02064,(2464920397588156761_contig_igh+igl:0.00055,((1450764597236822640_contig_igh+igl:0.0,3024581101301980698_contig_igh+igl:0.0):0.00728,3108004639836514286_contig_igh+igl:0.00435)0.897:0.00289)0.894:0.00274)0.880:0.00055)0.862:0.00055)0.000:0.00055);
