(2659818379622197785_contig_igh+igl:0.00711,4467949456624593698_contig_igh+igl:0.00425,(naive:0.00055,((1417518428005771666_contig_igh+igl:0.01001,((3659021409157093499_contig_igh+igl:0.0,8495918319421414217_contig_igh+igl:0.0):0.00856,1127310571846829490_contig_igh+igl:0.00713)0.766:0.00140)0.791:0.00142,(3884281834147726606_contig_igh+igl:0.00570,((5548931120679776363_contig_igh+igl:0.00142,4908889416209039550_contig_igh+igl:0.00141)0.941:0.00425,2162139549315838559_contig_igh+igl:0.00856)0.067:0.00055)0.802:0.00141)0.791:0.00142)0.234:0.00055);
