(naive:0.00055,(5493067941430287737_contig_igh+igk:0.00711,(0500336466493698236_contig_igh+igk:0.00431,3226666278984946319_contig_igh+igk:0.00722)0.972:0.00858)0.880:0.00054,(((4350110702177329894_contig_igh+igk:0.00577,(5465202414905022249_contig_igh+igk:0.00144,3532657324314384251_contig_igh+igk:0.00431)0.874:0.00287)0.965:0.00722,(9185758573158687777_contig_igh+igk:0.00142,8391502891759535125_contig_igh+igk:0.00432)0.979:0.00723)0.913:0.00431,(5915962315403332270_contig_igh+igk:0.01747,(0355298415266930084_contig_igh+igk:0.00431,5530833630326415563_contig_igh+igk:0.00431)0.994:0.01020)0.774:0.00135)0.783:0.00055);
