((6695763620155680960_contig_igh+igk:0.01340,0352991810400659196_contig_igh+igk:0.00583)0.976:0.00885,(9083670469105414532_contig_igh+igk:0.00742,(2931796058173897070_contig_igh+igk:0.00869,8926817131772393236_contig_igh+igk:0.00578)0.866:0.00053)0.952:0.00587,(((((6928029730554114850_contig_igh+igk:0.00592,2233446940528539583_contig_igh+igk:0.01341)0.905:0.00422,8843405553661357216_contig_igh+igk:0.03000)0.877:0.00055,(naive:0.00055,(3016795547846380638_contig_igh+igk:0.02097,(6131914649560135013_contig_igh+igk:0.02086,(7380980274069482316_contig_igh+igk:0.00882,((0321505090910595987_contig_igh+igk:0.01480,(3874233171891145881_contig_igh+igk:0.01329,8491307914594882867_contig_igh+igk:0.00300)0.981:0.00893)0.868:0.00299,(1110906604662458640_contig_igh+igk:0.01477,0483998891175204459_contig_igh+igk:0.01922)0.836:0.00323)0.784:0.00143)0.800:0.00147)0.752:0.00140)0.921:0.00445)0.846:0.00146)0.994:0.00055,(1935238608924807489_contig_igh+igk:0.00986,(4997395349497519148_contig_igh+igk:0.00442,7761182685645240355_contig_igh+igk:0.01338)0.947:0.00674)0.987:0.01154)0.800:0.00144,(8249779072425430592_contig_igh+igk:0.01160,((0132526799443345491_contig_igh+igk:0.00440,(7287561184950536307_contig_igh+igk:0.00055,1831452496496166968_contig_igh+igk:0.00292)0.920:0.00440)0.888:0.00393,(5339603941548150916_contig_igh+igk:0.00387,(0393969878982599829_contig_igh+igk:0.00294,(4583344754314604239_contig_igh+igk:0.01784,(0357336109842760089_contig_igh+igk:0.00146,2449081293795609249_contig_igh+igk:0.00055)0.946:0.00446)0.742:0.00139)0.935:0.00415)0.044:0.00055)0.849:0.00316)0.955:0.00698)0.839:0.00054);
