(naive:0.00446,(0281360386959837356_contig_igh+igk:0.0,8783159409729959662_contig_igh+igk:0.0,0097328865434933074_contig_igh+igk:0.0,5985384172875489319_contig_igh+igk:0.0,6449533098281318509_contig_igh+igk:0.0,1018631008044770831_contig_igh+igk:0.0,1295459700160494183_contig_igh+igk:0.0,3800059541212012373_contig_igh+igk:0.0,2975541313160084247-igh+4192068443523205981-igk:0.0,6283294071599125022_contig_igh+igk:0.0,3410818562608101963_contig_igh+igk:0.0,4961183970982078756_contig_igh+igk:0.0,2192138396425496786_contig_igh+igk:0.0):0.00055,(0515260043455636484_contig_igh+igk:0.00055,7675054709541274093_contig_igh+igk:0.00445)0.983:0.00744);
