((7483514864049595058_contig_igh+igk:0.0,4089003412167002582_contig_igh+igk:0.0):0.00145,2868596996019457532_contig_igh+igk:0.00145,(naive:0.00145,(4279508703292024136_contig_igh+igk:0.0,5475872492901095179_contig_igh+igk:0.0,2908045579636704039_contig_igh+igk:0.0,2861224295950874384_contig_igh+igk:0.0,3566930738356076969_contig_igh+igk:0.0,6320612576182702400-igh+5366871687973810495-igk:0.0,0676866336679508987_contig_igh+igk:0.0,7483096052293790089_contig_igh+igk:0.0,3178069011225053373_contig_igh+igk:0.0,5670806787647768906_contig_igh+igk:0.0,7378736105100548506_contig_igh+igk:0.0,5366871687973810495-igh+6320612576182702400-igk:0.0):0.00055)0.237:0.00055);
