(naive:0.0,6618615821993229662_contig_igh+igk:0.0,4234048076598810639_contig_igh+igk:0.0,4886756152588433518_contig_igh+igk:0.0,2587553159386519200_contig_igh+igk:0.0,1664130530552462086_contig_igh+igk:0.0,2285743516603811610_contig_igh+igk:0.0,6728873402175495209_contig_igh+igk:0.0,7954595008721796136_contig_igh+igk:0.0,7038156401312331386_contig_igh+igk:0.0,2215700113730503056_contig_igh+igk:0.0);
