((8989454625843736838_contig_igh+igl:0.01748,(2355051243755866763_contig_igh+igl:0.02328,(7427392473165940548_contig_igh+igl:0.00865,(3145739496960809933-igh+3916124757125782793-igl:0.00433,(1511705061987813904_contig_igh+igl:0.00288,(3572585081032468871_contig_igh+igl:0.00144,3195493872667711145_contig_igh+igl:0.00055)0.829:0.00144)0.784:0.00144)0.946:0.00588)0.890:0.00516)0.426:0.00277)0.924:0.00556,(4355827031344083099_contig_igh+igl:0.01829,(7732040268686554775_contig_igh+igl:0.01227,7553285195620669147_contig_igh+igl:0.00963)0.906:0.00537)0.926:0.00539,(((8819953233536010839_contig_igh+igl:0.0,2285376519152879741_contig_igh+igl:0.0):0.01108,2129087849071259863_contig_igh+igl:0.02041)0.948:0.00813,naive:0.00290)0.790:0.00055);
