(naive:0.0,5855506076462789199_contig_igh+igk:0.0,3625522470403622025_contig_igh+igk:0.0,7582323615753885231_contig_igh+igk:0.0,2680593241437643993_contig_igh+igk:0.0,4519001941391497694_contig_igh+igk:0.0,1893116652837481957_contig_igh+igk:0.0,0499085360564944271_contig_igh+igk:0.0,8566563847862862218_contig_igh+igk:0.0,7743999198813031723_contig_igh+igk:0.0,6615281208292965127_contig_igh+igk:0.0);
