(((((7614042560714477622_contig_igh+igk:0.0,5658992323217208152_contig_igh+igk:0.0):0.00448,(7073862980229532420_contig_igh+igk:0.00055,8849940548265013263_contig_igh+igk:0.00147)0.907:0.00299)0.983:0.00103,(naive:0.00055,(8651253924342505725_contig_igh+igk:0.01035,0436051250025940247-igh+3712610202551745740-igk:0.02569)0.856:0.00055)1.000:0.00073)0.922:0.00120,0277109334102727989_contig_igh+igk:0.00055)0.000:0.00055,(0531663798372164401_contig_igh+igk:0.01354,8943033131066205088_contig_igh+igk:0.00149)0.910:0.00055,(1243572757446200719_contig_igh+igk:0.00746,4919509603437603345_contig_igh+igk:0.00148)0.737:0.00055);
