((naive:0.0,7383705954469113726_contig_igh+igk:0.0,0046508056751538056_contig_igh+igk:0.0,2078928172070378712_contig_igh+igk:0.0,1224628081579189913_contig_igh+igk:0.0,7150021699949862798_contig_igh+igk:0.0,0927679879655955990_contig_igh+igk:0.0,3697080126396538824_contig_igh+igk:0.0,3667290263212830436_contig_igh+igk:0.0,7440294976579542548_contig_igh+igk:0.0,6548026042362111346_contig_igh+igk:0.0,6685260786122506221_contig_igh+igk:0.0):0.00222,2777174777771684527_contig_igh+igk:0.00222);
