(4030504834394011079_contig_igh+igl:0.03076,((1767611730716028444_contig_igh+igl:0.01280,8648797381082175059_contig_igh+igl:0.02273)0.994:0.01534,(3435987981856781021_contig_igh+igl:0.01605,(0605436960283742311_contig_igh+igl:0.00567,7011876773655926503_contig_igh+igl:0.00782)0.974:0.01211)0.955:0.00936)0.741:0.00133,((3916193579031653942_contig_igh+igl:0.02678,(7153740201231206318_contig_igh+igl:0.01725,(3460024430053266460_contig_igh+igl:0.00752,2244714085091278571_contig_igh+igl:0.01594)0.932:0.00745)0.964:0.00791)0.852:0.00306,(8055466163282342115_contig_igh+igl:0.03298,((7698768102636357101_contig_igh+igl:0.03122,7829880163834004541_contig_igh+igl:0.02160)1.000:0.03481,(3481315104123250263_contig_igh+igl:0.04993,((naive:0.02059,(7239387716811157961_contig_igh+igl:0.02166,2308742347537032314_contig_igh+igl:0.02011)0.998:0.02707)0.584:0.00208,(5102993278851569401_contig_igh+igl:0.02974,0842496127807567633_contig_igh+igl:0.03905)0.998:0.02774)0.641:0.00473)0.854:0.00706)0.915:0.00924)0.951:0.00738)0.769:0.00161);
