((naive:0.0,8491734797531648044_contig_igh+igl:0.0,6471094595481694140_contig_igh+igl:0.0,5735323184917054667_contig_igh+igl:0.0,0161606783835244621_contig_igh+igl:0.0,2011934737232710316_contig_igh+igl:0.0,8480892480895180921_contig_igh+igl:0.0,4262800480392836293_contig_igh+igl:0.0,0642147441991752901-igh+6407527164629906835-igl:0.0,1891024981741873852_contig_igh+igl:0.0,8484652898258995600_contig_igh+igl:0.0,2632568693062682293_contig_igh+igl:0.0):0.00224,3916124757125782793-igh+3145739496960809933-igl:0.00224);
