(2975541313160084247_contig_igh+igk:0.00804,7675054709541274093_contig_igh+igk:0.00232,(0515260043455636484_contig_igh+igk:0.00053,(naive:0.00149,(0281360386959837356_contig_igh+igk:0.0,9220592361438166583_contig_igh+igk:0.0,8783159409729959662_contig_igh+igk:0.0,5985384172875489319_contig_igh+igk:0.0,6449533098281318509_contig_igh+igk:0.0,1018631008044770831_contig_igh+igk:0.0,2192138396425496786_contig_igh+igk:0.0,8776025731513881660_contig_igh+igk:0.0,3410818562608101963_contig_igh+igk:0.0,3800059541212012373_contig_igh+igk:0.0,4961183970982078756_contig_igh+igk:0.0):0.00055)0.986:0.00811)0.413:0.00244);
