((((2570466947252138349_contig_igh+igl:0.00303,(7768673123773159888-igh+2898058159068739252-igl:0.00151,9219594453118285895_contig_igh+igl:0.00055)0.150:0.00055)0.900:0.00301,(9204389322873860625_contig_igh+igl:0.00285,9100239866588205890_contig_igh+igl:0.00913)0.880:0.00055)0.789:0.00055,((3507228390317876631_contig_igh+igl:0.0,6723344859727410771_contig_igh+igl:0.0):0.00303,1806230368692033891_contig_igh+igl:0.00455)0.668:0.00055)0.000:0.00055,((naive:0.0,1162854746377830354_contig_igh+igl:0.0):0.00055,(3810013956605564244_contig_igh+igl:0.00072,6143165104580663490_contig_igh+igl:0.00737)0.924:0.00101)0.000:0.00055,((8229153984722279679_contig_igh+igl:0.00455,4850952847165763581_contig_igh+igl:0.00303)0.362:0.00055,(7622081286960976867_contig_igh+igl:0.00152,(1207467187000553831_contig_igh+igl:0.00455,(8407990544654438812_contig_igh+igl:0.00303,3035309602819175983_contig_igh+igl:0.00303)0.778:0.00150)0.260:0.00055)0.849:0.00150)0.000:0.00055);
