(((7371060442711832945_contig_igh+igk:0.01611,(1576679323338515668_contig_igh+igk:0.01208,5040686016456680238_contig_igh+igk:0.01011)0.961:0.00910)0.909:0.00754,(naive:0.00301,1291133210292313717_contig_igh+igk:0.01943)0.757:0.00412)0.771:0.00412,(3983754243002520909_contig_igh+igk:0.02623,(7621213920477762815_contig_igh+igk:0.01009,6720032692280879190_contig_igh+igk:0.01976)0.965:0.01011)0.997:0.00064,(0719692126210617195_contig_igh+igk:0.02137,(0388990409943102934_contig_igh+igk:0.01688,1876517560481998431_contig_igh+igk:0.01825)0.995:0.00055)0.867:0.00055);
