((6455856102980629913_contig_igh+igk:0.01438,(9112405197775088017_contig_igh+igk:0.01219,4209299242023479797_contig_igh+igk:0.01756)0.815:0.00058)0.946:0.00714,(4328695469749780623_contig_igh+igk:0.02681,(3051833841577160547_contig_igh+igk:0.00744,(0431318797064336221_contig_igh+igk:0.01052,(7881809833455499116_contig_igh+igk:0.01477,3646110703047479225_contig_igh+igk:0.01294)0.831:0.00338)0.759:0.00124)0.965:0.00975)0.330:0.00055,(naive:0.00242,(1457692544706454108_contig_igh+igk:0.01478,(7177206618256337666_contig_igh+igk:0.01324,6285195969558878839_contig_igh+igk:0.00891)0.851:0.00288)0.963:0.00725)0.817:0.00219);
