((naive:0.0,4285198843375936949_contig_igh+igk:0.0,8910054150407979521_contig_igh+igk:0.0,1800142422104931270_contig_igh+igk:0.0,3116411769246414576_contig_igh+igk:0.0,1639865430349530879_contig_igh+igk:0.0,7548999749778055296_contig_igh+igk:0.0,4636036474113801741_contig_igh+igk:0.0,6725250093741164659_contig_igh+igk:0.0,7476715114318544155_contig_igh+igk:0.0,2861450587812512992_contig_igh+igk:0.0,8809988767957253313-igh+8337279198295839151-igk:0.0,4312182340578855673_contig_igh+igk:0.0):0.00055,5962962771298656083_contig_igh+igk:0.00448,8533573562613483939_contig_igh+igk:0.00149);
