((7868965243984851504_contig_igh+igl:0.00580,3316045886334424798_contig_igh+igl:0.00879)0.931:0.00436,((1109722474862172220_contig_igh+igl:0.00665,(1860372074692685001_contig_igh+igl:0.00073,6423257657665527373_contig_igh+igl:0.00074)0.957:0.00686)0.942:0.00644,(naive:0.00100,(7380617868211703649_contig_igh+igl:0.01016,(1515091363139683588_contig_igh+igl:0.00055,1691577105131091412_contig_igh+igl:0.00145)0.870:0.00315)0.879:0.00319)0.234:0.00146)0.846:0.00053,(9201666969585767925_contig_igh+igl:0.00563,(5472033004376707064_contig_igh+igl:0.00565,(3893915324901514383_contig_igh+igl:0.00291,7869208859398163520_contig_igh+igl:0.00291)0.965:0.00601)0.416:0.00146)0.859:0.00055);
